// Jest Snapshot v1, https://goo.gl/fbAQLP

exports[`MpInput renders correctly 1`] = `
<View>
  <TextInput
    onChangeText={[Function]}
    placeholder="Enter MP name"
    style={
      {
        "borderWidth": 1,
        "height": 40,
        "margin": 12,
        "padding": 10,
      }
    }
    value=""
  />
</View>
`;
